1::diagram:
2::sequenceDiagram:
3::@
3::sequence-list:
4::object:
5::type:
4::object:
5::type:
4::object:
5::type:
4::call:
5::param-list:
6::product
4::call:
5::@
4::return:
4::return:
5::@
1::diagram:
2::classDiagram:
3::@
3::class-sequence:
4::class:
5::class-contents:
6::method:
6::method:
6::attribute:
7::@
6::attribute:
7::static
6::attribute:
7::static
4::class:
5::extends
5::@
5::class-contents:
6::method:
6::method:
6::attribute:
7::@
6::attribute:
7::static
6::attribute:
7::static
6::attribute:
7::static
1::diagram:
2::classDiagram:
3::@
3::class-sequence:
4::package:
5::package-contents:
6::interface:
7::class-contents:
8::method:
9::type:
7::association-list:
8::uses:
6::interface:
7::class-contents:
8::method:
9::type:
8::method:
9::type:
8::method:
9::type:
6::interface:
7::extends
7::class-contents:
8::method:
9::param-list:
10::e
11::type:
9::type:
8::method:
9::param-list:
10::o
11::type:
9::type:
8::method:
9::param-list:
10::o
11::type:
9::type:
8::method:
9::type:
7::@
6::interface:
7::extends
7::class-contents:
8::method:
9::param-list:
10::e
11::type:
9::type:
8::method:
9::param-list:
10::o
11::type:
9::type:
8::method:
9::param-list:
10::index
11::type:
9::type:
8::method:
9::param-list:
10::index
11::type:
9::type:
8::method:
9::param-list:
10::o
11::type:
9::type:
8::method:
9::type:
6::class:
7::abstract
7::implements
6::class:
7::abstract
7::implements
7::@
6::class:
7::abstract
7::extends
6::class:
7::extends
6::class:
7::extends
6::class:
7::association-list:
8::uses:
8::uses:
7::@
1::diagram:
2::classDiagram:
3::@
3::class-sequence:
4::class:
5::class-contents:
6::attribute:
7::type:
7::@
6::method:
7::param-list:
8::iparameter
9::type:
7::type:
7::@
6::class:
7::@
6::class:
7::static
7::@
1::diagram:
2::classDiagram:
3::@
3::class-sequence:
4::package:
5::package-contents:
6::interface:
7::class-contents:
8::method:
9::type:
7::association-list:
8::uses:
6::interface:
7::class-contents:
8::method:
9::type:
8::method:
9::type:
8::method:
9::type:
6::interface:
7::extends
7::class-contents:
8::method:
9::param-list:
10::e
11::type:
9::type:
8::method:
9::param-list:
10::o
11::type:
9::type:
8::method:
9::param-list:
10::o
11::type:
9::type:
8::method:
9::type:
6::interface:
7::extends
7::class-contents:
8::method:
9::param-list:
10::e
11::type:
9::type:
8::method:
9::param-list:
10::o
11::type:
9::type:
8::method:
9::param-list:
10::o
11::type:
9::type:
8::method:
9::type:
6::class:
7::abstract
7::implements
6::class:
7::abstract
7::implements
6::class:
7::extends
6::interface:
7::extends
6::interface:
7::extends
7::@
6::class:
7::implements
6::class:
7::association-list:
8::uses:
8::uses:
1::diagram:
2::classDiagram:
3::@
3::class-sequence:
4::class:
5::class-contents:
6::attribute:
7::@
6::attribute:
7::@
6::method:
7::type:
7::@
4::class:
4::class:
5::extends
5::@
5::class-contents:
6::attribute:
6::attribute:
6::attribute:
6::method:
7::param-list:
8::Integer
6::method:
5::association-list:
6::uses:
5::@
4::class:
5::extends
5::class-contents:
6::attribute:
4::class:
4::class:
5::class-contents:
6::attribute:
7::type:
6::attribute:
7::type:
5::association-list:
6::uses:
4::class:
5::class-contents:
6::attribute:
7::type:
6::attribute:
7::type:
6::attribute:
7::type:
6::attribute:
7::type:
6::method:
6::method:
5::association-list:
6::uses:
6::uses:
5::@
1::diagram:
2::sequenceDiagram:
3::@
3::sequence-list:
4::object:
5::type:
4::object:
5::type:
4::object:
5::type:
4::object:
5::type:
4::call:
5::@
4::call:
4::call:
4::return:
5::@
4::call:
4::call:
5::@
4::call:
4::call:
1::diagram:
2::sequenceDiagram:
3::@
3::sequence-list:
4::object:
5::type:
5::@
4::object:
5::type:
4::object:
5::type:
4::object:
5::type:
4::call:
5::@
4::call:
4::call:
5::param-list:
6::quantity
7::type:
4::call:
5::param-list:
6::anOrder
4::call:
4::send:
5::@
1::diagram:
2::sequenceDiagram:
3::@
3::sequence-list:
4::object:
5::type:
4::call:
4::call:
5::constructs:
5::@
4::call:
5::constructs:
5::@
4::call:
4::send:
5::@
4::call:
4::call:
5::@
4::destruct:
4::send:
4::destruct:
5::@
1::diagram:
2::classDiagram:
3::@
3::class-sequence:
4::class:
5::@
5::class-contents:
6::method:
7::param-list:
8::T
6::method:
7::param-list:
8::T
7::@
1::diagram:
2::classDiagram:
3::@
3::class-sequence:
4::class:
5::class-contents:
6::method:
6::method:
7::static
7::@
1::diagram:
2::classDiagram:
3::@
3::class-sequence:
4::class:
1::diagram:
2::classDiagram:
3::@
3::class-sequence:
4::class:
4::class:
5::association-list:
6::composedof:
5::@
4::class:
5::association-list:
6::composedof:
5::@
1::diagram:
2::classDiagram:
3::@
3::class-sequence:
4::class:
5::class-contents:
6::attribute:
4::class:
5::extends
4::class:
5::extends
5::association-list:
6::usehuh:
1::diagram:
2::objectDiagram:
3::@
3::object-list:
4::object:
5::object-contents
6::assignAttribute:
5::association-list
6::usehuh:
6::usehuh:
5::@
4::object:
5::object-contents
6::assignAttribute:
5::association-list
6::usehuh:
6::usehuh:
4::object:
5::object-contents
6::assignAttribute:
4::object:
5::object-contents
6::assignAttribute:
4::object:
5::object-contents
6::assignAttribute:
1::diagram:
2::deploymentDiagram:
3::@
3::deploy-list
4::node:
5::node-contents
6::artifact:
5::link-sequence
6::link:
4::node:
5::node-contents
6::assignAttribute:
6::artifact:
5::link-sequence
6::link:
4::node:
5::node-contents
6::assignAttribute:
6::assignAttribute:
6::assignAttribute:
6::artifact:
5::link-sequence
6::link:
4::node:
5::node-contents
6::artifact:
7::artifact-contents:
8::artifact-assignment:
9::assignAttribute:
9::assignAttribute:
6::node:
7::node-contents
8::artifact:
8::artifact:
8::artifact:
7::link-sequence
8::link:
6::node:
1::diagram:
2::classDiagram:
3::@
3::class-sequence:
4::class:
5::extends
5::class-contents:
6::attribute:
7::type:
6::attribute:
7::type:
6::attribute:
7::type:
6::attribute:
7::type:
8::[
6::attribute:
7::type:
8::[
6::attribute:
7::type:
6::attribute:
7::type:
6::attribute:
7::type:
6::attribute:
7::type:
6::method:
7::static
7::param-list:
8::passedArgs
9::type:
10::[
7::type:
6::method:
7::type:
6::method:
7::type:
6::method:
7::type:
6::method:
7::param-list:
8::bb1
9::type:
10::[
8::bb2
9::type:
10::[
6::method:
7::type:
6::method:
7::type:
6::interface:
7::class-contents:
8::method:
9::param-list:
10::level
11::type:
10::partner
11::type:
9::type:
8::method:
9::param-list:
10::level
11::type:
9::type:
8::method:
9::type:
10::[
6::class:
7::implements
7::class-contents:
8::method:
9::param-list:
10::new_avatarX
11::type:
10::new_avatarY
11::type:
10::new_speedX
11::type:
10::new_legX
11::type:
10::new_scale
11::type:
10::new_level
11::type:
8::method:
9::param-list:
10::level
11::type:
10::partner
11::type:
9::type:
8::method:
9::param-list:
10::level
11::type:
9::type:
8::method:
9::type:
10::[
6::class:
7::implements
7::class-contents:
8::method:
9::param-list:
10::new_avatarX
11::type:
10::new_avatarY
11::type:
10::new_speedX
11::type:
10::new_scale
11::type:
10::new_level
11::type:
8::method:
9::param-list:
10::level
11::type:
10::partner
11::type:
9::type:
8::method:
9::param-list:
10::level
11::type:
9::type:
8::method:
9::type:
10::[
